bsd_table.gp  PARI/GP [2, 17, 3]  realprecision = 77 (256 bits)
command: compute/scripts/gp -q compute/scripts/bsd_table.gp
== 11a1  N = 11  ainvs = [0, -1, 1, -10, -20]
  ellrank = [0, 0, 0, []]  certified: yes
  saturated generators (B=1000): []
  regulator = 1
  torsion = 5  Tamagawa c_p = [5] (product 5)  root number = 1
  w1 = E.omega[1] = 1.26920930427955342168879461675454730521949224183060866796714  disc sign = -1  Omega_E = 1.26920930427955342168879461675454730521949224183060866796714
  ellbsd(E) = 0.253841860855910684337758923350909461043898448366121733593427  |ellbsd/(Omega*cp/T^2) - 1| = 0.E-76
  ellanalyticrank -> r_an = 0  L^(r)(E,1)/r! = 0.253841860855910684337758923350909461043898448366121733593427
  lfun Taylor coefficients L^(k)(1)/k!, k=0..r_an: [0.253841860855910684337758923350909461043898448366121733593427]  |diff of leading| = 4.318084277547222313 E-78
  Sha_an = L^(r)/r! * T^2/(Omega*Reg*cp) = 1.00000000000000000000000000000000000000000000000000000000000   (via ellbsd: 1.00000000000000000000000000000000000000000000000000000000000)
  time: 6 ms
== 37a1  N = 37  ainvs = [0, 0, 1, -1, 0]
  ellrank = [1, 1, 0, [[-1, 0]]]  certified: yes
  saturated generators (B=1000): [[0, -1]]
  regulator = 0.0511114082399688402358860997569420216095382022808529642492428
  torsion = 1  Tamagawa c_p = [1] (product 1)  root number = -1
  w1 = E.omega[1] = 2.99345864623195962983200997945250817779758379137013298534052  disc sign = 1  Omega_E = 5.98691729246391925966401995890501635559516758274026597068105
  ellbsd(E) = 5.98691729246391925966401995890501635559516758274026597068105  |ellbsd/(Omega*cp/T^2) - 1| = 0.E-76
  ellanalyticrank -> r_an = 1  L^(r)(E,1)/r! = 0.305999773834052301820483683321676474452637774590771998534542
  lfun Taylor coefficients L^(k)(1)/k!, k=0..r_an: [0.E-97, 0.305999773834052301820483683321676474452637774590771998534542]  |diff of leading| = 8.636168555094444625 E-78
  Sha_an = L^(r)/r! * T^2/(Omega*Reg*cp) = 1.00000000000000000000000000000000000000000000000000000000000   (via ellbsd: 1.00000000000000000000000000000000000000000000000000000000000)
  time: 77 ms
== 389a1  N = 389  ainvs = [0, 1, 1, -2, 0]
  ellrank = [2, 2, 0, [[-2, 0], [4, 8]]]  certified: yes
  saturated generators (B=1000): [[0, -1], [1, 0]]
  regulator = 0.152460177943143751624324757049455823243727077486630817840281
  torsion = 1  Tamagawa c_p = [1] (product 1)  root number = 1
  w1 = E.omega[1] = 2.49021256085505507532135779194230246015605818033957004005497  disc sign = 1  Omega_E = 4.98042512171011015064271558388460492031211636067914008010994
  ellbsd(E) = 4.98042512171011015064271558388460492031211636067914008010994  |ellbsd/(Omega*cp/T^2) - 1| = 0.E-76
  ellanalyticrank -> r_an = 2  L^(r)(E,1)/r! = 0.759316500288426770230192607894722019078097516494924351585805
  lfun Taylor coefficients L^(k)(1)/k!, k=0..r_an: [4.34868454492519859728655620031543995582473919667672672724768 E-80, -2.46438622680154691353757715208012535226831777476766403065931 E-80, 0.759316500288426770230192607894722019078097516494924351585805]  |diff of leading| = 2.5908505665283333876 E-77
  Sha_an = L^(r)/r! * T^2/(Omega*Reg*cp) = 1.00000000000000000000000000000000000000000000000000000000000   (via ellbsd: 1.00000000000000000000000000000000000000000000000000000000000)
  time: 97 ms
== 433a1  N = 433  ainvs = [1, 0, 0, 0, 1]
  ellrank = [2, 2, 0, [[-1, 1], [0, 1]]]  certified: yes
  saturated generators (B=1000): [[0, 1], [-1, 0]]
  regulator = 0.224694163418166741612071133995500441366828602504245122090390
  torsion = 1  Tamagawa c_p = [1] (product 1)  root number = 1
  w1 = E.omega[1] = 4.21471019299848436759065578287827552916037505100599908227767  disc sign = -1  Omega_E = 4.21471019299848436759065578287827552916037505100599908227767
  ellbsd(E) = 4.21471019299848436759065578287827552916037505100599908227767  |ellbsd/(Omega*cp/T^2) - 1| = 0.E-76
  ellanalyticrank -> r_an = 2  L^(r)(E,1)/r! = 0.947020780865814533489726400980751253204348358146363081268190
  lfun Taylor coefficients L^(k)(1)/k!, k=0..r_an: [8.59183341264115122409499415426828697571010606981018174103470 E-81, -5.32930920191292782730567030995631228512584078193888215948987 E-81, 0.947020780865814533489726400980751253204348358146363081268190]  |diff of leading| = 8.636168555094444625 E-78
  Sha_an = L^(r)/r! * T^2/(Omega*Reg*cp) = 1.00000000000000000000000000000000000000000000000000000000000   (via ellbsd: 1.00000000000000000000000000000000000000000000000000000000000)
  time: 77 ms
== 446d1  N = 446  ainvs = [1, -1, 0, -4, 4]
  ellrank = [2, 2, 0, [[-2, 2], [-1, 3]]]  certified: yes
  saturated generators (B=1000): [[2, 0], [1, 0]]
  regulator = 0.0973430975694570509774957394327049892081729396726904107377705
  torsion = 1  Tamagawa c_p = [2, 1] (product 2)  root number = 1
  w1 = E.omega[1] = 2.41486717642897709473797961138815699998645489546938083313767  disc sign = 1  Omega_E = 4.82973435285795418947595922277631399997290979093876166627535
  ellbsd(E) = 9.65946870571590837895191844555262799994581958187752333255070  |ellbsd/(Omega*cp/T^2) - 1| = 0.E-76
  ellanalyticrank -> r_an = 2  L^(r)(E,1)/r! = 0.940282604689620686941818184150605942852011005687583564977153
  lfun Taylor coefficients L^(k)(1)/k!, k=0..r_an: [2.82805072523019663916374543973716682006636470053358728641749 E-80, -1.79600096791602172972338181497356545757700174885458219620989 E-80, 0.940282604689620686941818184150605942852011005687583564977153]  |diff of leading| = 1.6408720254679444788 E-76
  Sha_an = L^(r)/r! * T^2/(Omega*Reg*cp) = 1.00000000000000000000000000000000000000000000000000000000000   (via ellbsd: 1.00000000000000000000000000000000000000000000000000000000000)
  time: 119 ms
== 563a1  N = 563  ainvs = [1, 1, 1, -15, 16]
  ellrank = [2, 2, 0, [[-4, 7], [-13/4, 61/8]]]  certified: yes
  saturated generators (B=1000): [[2, -1], [4, -9]]
  regulator = 0.219229003517995456286946191043342445936013182292306949635235
  torsion = 1  Tamagawa c_p = [1] (product 1)  root number = 1
  w1 = E.omega[1] = 5.17520902251514190727153531423987725146435860061068425812150  disc sign = -1  Omega_E = 5.17520902251514190727153531423987725146435860061068425812150
  ellbsd(E) = 5.17520902251514190727153531423987725146435860061068425812150  |ellbsd/(Omega*cp/T^2) - 1| = 0.E-76
  ellanalyticrank -> r_an = 2  L^(r)(E,1)/r! = 1.13455591700333387173270885324578807098267256342115224206780
  lfun Taylor coefficients L^(k)(1)/k!, k=0..r_an: [-7.93470587198680029625382970603859685793858298090467622274549 E-81, 5.96330505064212400127039511633634664333978868128872689978714 E-81, 1.13455591700333387173270885324578807098267256342115224206780]  |diff of leading| = 3.454467422037777850 E-77
  Sha_an = L^(r)/r! * T^2/(Omega*Reg*cp) = 1.00000000000000000000000000000000000000000000000000000000000   (via ellbsd: 1.00000000000000000000000000000000000000000000000000000000000)
  time: 96 ms
== 571b1  N = 571  ainvs = [0, 1, 1, -4, 2]
  ellrank = [2, 2, 0, [[-1, 2], [5, 11]]]  certified: yes
  saturated generators (B=1000): [[1, -1], [0, -2]]
  regulator = 0.177253140262004931744091099725954374009088919514882655913977
  torsion = 1  Tamagawa c_p = [1] (product 1)  root number = 1
  w1 = E.omega[1] = 5.09531461973913077518247727320461043060703949698825998236182  disc sign = -1  Omega_E = 5.09531461973913077518247727320461043060703949698825998236182
  ellbsd(E) = 5.09531461973913077518247727320461043060703949698825998236182  |ellbsd/(Omega*cp/T^2) - 1| = 0.E-76
  ellanalyticrank -> r_an = 2  L^(r)(E,1)/r! = 0.903160516971664469931148625257239378639223031143153033223034
  lfun Taylor coefficients L^(k)(1)/k!, k=0..r_an: [-9.66520093434651319870006905612302114756908245826892761269767 E-81, 7.33203953671474902791332424665173479152441579502075894943882 E-81, 0.903160516971664469931148625257239378639223031143153033223034]  |diff of leading| = 1.7272337110188889251 E-77
  Sha_an = L^(r)/r! * T^2/(Omega*Reg*cp) = 1.00000000000000000000000000000000000000000000000000000000000   (via ellbsd: 1.00000000000000000000000000000000000000000000000000000000000)
  time: 107 ms
== 643a1  N = 643  ainvs = [1, 0, 0, -4, 3]
  ellrank = [2, 2, 0, [[-1, 3], [-1/4, 17/8]]]  certified: yes
  saturated generators (B=1000): [[1, 0], [2, -3]]
  regulator = 0.229179621568847078938767135198384435021016866064609892171531
  torsion = 1  Tamagawa c_p = [1] (product 1)  root number = 1
  w1 = E.omega[1] = 5.01031343314288891257631376914025122606194763454366836785768  disc sign = -1  Omega_E = 5.01031343314288891257631376914025122606194763454366836785768
  ellbsd(E) = 5.01031343314288891257631376914025122606194763454366836785768  |ellbsd/(Omega*cp/T^2) - 1| = 0.E-76
  ellanalyticrank -> r_an = 2  L^(r)(E,1)/r! = 1.14826173654899828084034002566380988121505588700996210732795
  lfun Taylor coefficients L^(k)(1)/k!, k=0..r_an: [-7.89920816910328436330233123694123348520812241122888752257196 E-82, 6.46139138183809989047833003174220290370054675317762792734991 E-82, 1.14826173654899828084034002566380988121505588700996210732795]  |diff of leading| = 5.181701133056666775 E-77
  Sha_an = L^(r)/r! * T^2/(Omega*Reg*cp) = 1.00000000000000000000000000000000000000000000000000000000000   (via ellbsd: 1.00000000000000000000000000000000000000000000000000000000000)
  time: 87 ms
== 655a1  N = 655  ainvs = [0, 0, 1, -13, 18]
  ellrank = [2, 2, 0, [[-4, 2], [6, 12]]]  certified: yes
  saturated generators (B=1000): [[1, 2], [3, 2]]
  regulator = 0.0989535198921937605455687057557254270470861012653720058654195
  torsion = 1  Tamagawa c_p = [2, 1] (product 2)  root number = 1
  w1 = E.omega[1] = 4.48792580493928401756965436790010849964915817702688741225234  disc sign = -1  Omega_E = 4.48792580493928401756965436790010849964915817702688741225234
  ellbsd(E) = 8.97585160987856803513930873580021699929831635405377482450467  |ellbsd/(Omega*cp/T^2) - 1| = 0.E-76
  ellanalyticrank -> r_an = 2  L^(r)(E,1)/r! = 0.888192110827498271674506759178519599010734413364364387886463
  lfun Taylor coefficients L^(k)(1)/k!, k=0..r_an: [3.53354462539102681657887902947523162330577450352460480961515 E-81, -2.92303605170562017568854690909017648802057510919728742788965 E-81, 0.888192110827498271674506759178519599010734413364364387886463]  |diff of leading| = 8.636168555094444625 E-77
  Sha_an = L^(r)/r! * T^2/(Omega*Reg*cp) = 1.00000000000000000000000000000000000000000000000000000000000   (via ellbsd: 1.00000000000000000000000000000000000000000000000000000000000)
  time: 117 ms
== 664a1  N = 664  ainvs = [0, 0, 0, -7, 10]
  ellrank = [2, 2, 0, [[-3, 2], [9, 26]]]  certified: yes
  saturated generators (B=1000): [[1, -2], [3, -4]]
  regulator = 0.0966760504530515052579053796496668914274578957289736295212202
  torsion = 1  Tamagawa c_p = [4, 1] (product 4)  root number = 1
  w1 = E.omega[1] = 3.55362747468247074986595169539724350696889269023312344569052  disc sign = -1  Omega_E = 3.55362747468247074986595169539724350696889269023312344569052
  ellbsd(E) = 14.2145098987298829994638067815889740278755707609324937827621  |ellbsd/(Omega*cp/T^2) - 1| = 0.E-76
  ellanalyticrank -> r_an = 2  L^(r)(E,1)/r! = 1.37420267613501021147328261095410514067073335937100952253101
  lfun Taylor coefficients L^(k)(1)/k!, k=0..r_an: [8.96029241425309525544630099611258027937517264405198652376901 E-82, -7.47331704473234233198877995775848730122636044232060726006913 E-82, 1.37420267613501021147328261095410514067073335937100952253101]  |diff of leading| = 3.281744050935888958 E-76
  Sha_an = L^(r)/r! * T^2/(Omega*Reg*cp) = 1.00000000000000000000000000000000000000000000000000000000000   (via ellbsd: 1.00000000000000000000000000000000000000000000000000000000000)
  time: 86 ms
== 681c1  N = 681  ainvs = [0, -1, 1, 0, 2]
  ellrank = [2, 2, 0, [[-1, 0], [-3/4, 5/8]]]  certified: yes
  saturated generators (B=1000): [[0, -2], [3, 4]]
  regulator = 0.136079688950694268446478372652388595164331140664373493528812
  torsion = 1  Tamagawa c_p = [2, 1] (product 2)  root number = 1
  w1 = E.omega[1] = 3.77084616854856453340970683113285506176513731771572167806919  disc sign = -1  Omega_E = 3.77084616854856453340970683113285506176513731771572167806919
  ellbsd(E) = 7.54169233709712906681941366226571012353027463543144335613837  |ellbsd/(Omega*cp/T^2) - 1| = 0.E-76
  ellanalyticrank -> r_an = 2  L^(r)(E,1)/r! = 1.02627114739401182837348384829757622713314808298749505828475
  lfun Taylor coefficients L^(k)(1)/k!, k=0..r_an: [-3.21102236827491871597894025054197433944254512059201328863681 E-81, 2.71873546124320024919657968150822796616193975957045732489083 E-81, 1.02627114739401182837348384829757622713314808298749505828475]  |diff of leading| = 1.7272337110188889251 E-77
  Sha_an = L^(r)/r! * T^2/(Omega*Reg*cp) = 1.00000000000000000000000000000000000000000000000000000000000   (via ellbsd: 1.00000000000000000000000000000000000000000000000000000000000)
  time: 85 ms
== 707a1  N = 707  ainvs = [0, 1, 1, -12, 12]
  ellrank = [2, 2, 0, [[-4, 3], [10, 31]]]  certified: yes
  saturated generators (B=1000): [[3, -4], [1, -2]]
  regulator = 0.112857456320488478087278063827153889463874016244353083503101
  torsion = 1  Tamagawa c_p = [2, 1] (product 2)  root number = 1
  w1 = E.omega[1] = 2.15725964809446224417581222633443390692647425208052862257683  disc sign = 1  Omega_E = 4.31451929618892448835162445266886781385294850416105724515365
  ellbsd(E) = 8.62903859237784897670324890533773562770589700832211449030730  |ellbsd/(Omega*cp/T^2) - 1| = 0.E-76
  ellanalyticrank -> r_an = 2  L^(r)(E,1)/r! = 0.973851346027092472090496938881211419882709636820424873095697
  lfun Taylor coefficients L^(k)(1)/k!, k=0..r_an: [5.76926876127957322700064679146009891558711920602050855667433 E-81, -4.99285558093199460770207127177604844964270468477780198033275 E-81, 0.973851346027092472090496938881211419882709636820424873095697]  |diff of leading| = 0.E-77
  Sha_an = L^(r)/r! * T^2/(Omega*Reg*cp) = 1.00000000000000000000000000000000000000000000000000000000000   (via ellbsd: 1.00000000000000000000000000000000000000000000000000000000000)
  time: 90 ms
== 709a1  N = 709  ainvs = [0, -1, 1, -2, 0]
  ellrank = [2, 2, 0, [[-1, 0], [0, 0]]]  certified: yes
  saturated generators (B=1000): [[0, 0], [-1, -1]]
  regulator = 0.258683172736406669969244323486181605005230011787390172859910
  torsion = 1  Tamagawa c_p = [1] (product 1)  root number = 1
  w1 = E.omega[1] = 2.03666447002178164829504486587067399429314044035268439910623  disc sign = 1  Omega_E = 4.07332894004356329659008973174134798858628088070536879821246
  ellbsd(E) = 4.07332894004356329659008973174134798858628088070536879821246  |ellbsd/(Omega*cp/T^2) - 1| = 0.E-76
  ellanalyticrank -> r_an = 2  L^(r)(E,1)/r! = 1.05370165380949337217153331053325671870181023812499217052334
  lfun Taylor coefficients L^(k)(1)/k!, k=0..r_an: [1.77212918770388615355409477077766746864430397411283921547927 E-81, -1.53614366105201490933283650697381965934224148673991828467345 E-81, 1.05370165380949337217153331053325671870181023812499217052334]  |diff of leading| = 1.7272337110188889251 E-77
  Sha_an = L^(r)/r! * T^2/(Omega*Reg*cp) = 1.00000000000000000000000000000000000000000000000000000000000   (via ellbsd: 1.00000000000000000000000000000000000000000000000000000000000)
  time: 71 ms
== 718b1  N = 718  ainvs = [1, 0, 1, -5, 0]
  ellrank = [2, 2, 0, [[-1, 2], [3, 2]]]  certified: yes
  saturated generators (B=1000): [[-1, 2], [3, 2]]
  regulator = 0.169858359469645069055774099098995523894343766553729565234421
  torsion = 1  Tamagawa c_p = [2, 1] (product 2)  root number = 1
  w1 = E.omega[1] = 1.84238967790189251637819639775469987511116889492951221868821  disc sign = 1  Omega_E = 3.68477935580378503275639279550939975022233778985902443737641
  ellbsd(E) = 7.36955871160757006551278559101879950044467557971804887475282  |ellbsd/(Omega*cp/T^2) - 1| = 0.E-76
  ellanalyticrank -> r_an = 2  L^(r)(E,1)/r! = 1.25178115276889301332904309624645151808084529063358983268290
  lfun Taylor coefficients L^(k)(1)/k!, k=0..r_an: [7.19231857516503753686773356624493586871507342305504963863088 E-81, -6.27991580808328072827530721626536837324303393550697723264750 E-81, 1.25178115276889301332904309624645151808084529063358983268290]  |diff of leading| = 3.454467422037777850 E-77
  Sha_an = L^(r)/r! * T^2/(Omega*Reg*cp) = 1.00000000000000000000000000000000000000000000000000000000000   (via ellbsd: 1.00000000000000000000000000000000000000000000000000000000000)
  time: 88 ms
== 794a1  N = 794  ainvs = [1, 0, 1, -3, 2]
  ellrank = [2, 2, 0, [[-1, 2], [1, 0]]]  certified: yes
  saturated generators (B=1000): [[1, 0], [-1, -2]]
  regulator = 0.149049991080622738644474967893637870237969769009517053853634
  torsion = 1  Tamagawa c_p = [2, 1] (product 2)  root number = 1
  w1 = E.omega[1] = 4.34264337335914562115166661709896217809614765090949679456860  disc sign = -1  Omega_E = 4.34264337335914562115166661709896217809614765090949679456860
  ellbsd(E) = 8.68528674671829124230333323419792435619229530181899358913721  |ellbsd/(Omega*cp/T^2) - 1| = 0.E-76
  ellanalyticrank -> r_an = 2  L^(r)(E,1)/r! = 1.29454191213101219263368168970142692679980295132786017276994
  lfun Taylor coefficients L^(k)(1)/k!, k=0..r_an: [-1.43821974932347306925701362232081761156413752639795912219843 E-82, 1.32812258830450837186651601256575590964161286442644505349180 E-82, 1.29454191213101219263368168970142692679980295132786017276994]  |diff of leading| = 8.636168555094444625 E-77
  Sha_an = L^(r)/r! * T^2/(Omega*Reg*cp) = 1.00000000000000000000000000000000000000000000000000000000000   (via ellbsd: 1.00000000000000000000000000000000000000000000000000000000000)
  time: 83 ms
== 817a1  N = 817  ainvs = [0, 1, 1, 1, 6]
  ellrank = [2, 2, 0, [[-3/4, 15/8], [4, 9]]]  certified: yes
  saturated generators (B=1000): [[4, 9], [-3/4, -23/8]]
  regulator = 0.256256382257684208644536116867987065630725227139573629669926
  torsion = 1  Tamagawa c_p = [2, 1] (product 2)  root number = 1
  w1 = E.omega[1] = 3.05645146400211547716810007934826012861825372189004473191386  disc sign = -1  Omega_E = 3.05645146400211547716810007934826012861825372189004473191386
  ellbsd(E) = 6.11290292800423095433620015869652025723650744378008946382773  |ellbsd/(Omega*cp/T^2) - 1| = 0.E-76
  ellanalyticrank -> r_an = 2  L^(r)(E,1)/r! = 1.56647038942276925857423985441939934657101248056999928240305
  lfun Taylor coefficients L^(k)(1)/k!, k=0..r_an: [-1.26713800567265386068504198843451709251685744446189103525956 E-80, 1.18822928764295304733748660694887340790012359380081049488538 E-80, 1.56647038942276925857423985441939934657101248056999928240305]  |diff of leading| = 0.E-76
  Sha_an = L^(r)/r! * T^2/(Omega*Reg*cp) = 1.00000000000000000000000000000000000000000000000000000000000   (via ellbsd: 1.00000000000000000000000000000000000000000000000000000000000)
  time: 136 ms
== 916c1  N = 916  ainvs = [0, 0, 0, -4, 1]
  ellrank = [2, 2, 0, [[0, 1], [2, 1]]]  certified: yes
  saturated generators (B=1000): [[0, 1], [2, 1]]
  regulator = 0.136468199155201822154232814330740898427586862674472555173325
  torsion = 1  Tamagawa c_p = [3, 1] (product 3)  root number = 1
  w1 = E.omega[1] = 1.95106278782708533901082263383082905293879904159538734006461  disc sign = 1  Omega_E = 3.90212557565417067802164526766165810587759808319077468012922
  ellbsd(E) = 11.7063767269625120340649358029849743176327942495723240403877  |ellbsd/(Omega*cp/T^2) - 1| = 0.E-76
  ellanalyticrank -> r_an = 2  L^(r)(E,1)/r! = 1.59754815056093975665315425968309783165497627537003475817770
  lfun Taylor coefficients L^(k)(1)/k!, k=0..r_an: [-2.14846400567883272875078947259595695921465747040157522916246 E-80, 2.13754003522348379992873361881723838928056416443514889963842 E-80, 1.59754815056093975665315425968309783165497627537003475817770]  |diff of leading| = 3.454467422037777850 E-77
  Sha_an = L^(r)/r! * T^2/(Omega*Reg*cp) = 1.00000000000000000000000000000000000000000000000000000000000   (via ellbsd: 1.00000000000000000000000000000000000000000000000000000000000)
  time: 74 ms
== 944e1  N = 944  ainvs = [0, 0, 0, -19, 34]
  ellrank = [2, 2, 0, [[-5, 2], [-3, 8]]]  certified: yes
  saturated generators (B=1000): [[1, 4], [3, -2]]
  regulator = 0.117860680313585012773254230091271282413682214579722412438469
  torsion = 1  Tamagawa c_p = [4, 1] (product 4)  root number = 1
  w1 = E.omega[1] = 3.43969163119247254432552120626836484360187272156111570884276  disc sign = -1  Omega_E = 3.43969163119247254432552120626836484360187272156111570884276
  ellbsd(E) = 13.7587665247698901773020848250734593744074908862444628353710  |ellbsd/(Omega*cp/T^2) - 1| = 0.E-76
  ellanalyticrank -> r_an = 2  L^(r)(E,1)/r! = 1.62161758288515907623633300750529299069619684789225099471579
  lfun Taylor coefficients L^(k)(1)/k!, k=0..r_an: [-6.18755021241927168365156371930435388877289930216615097623049 E-81, 6.24924226458133763659926583767297458652082715445855690386809 E-81, 1.62161758288515907623633300750529299069619684789225099471579]  |diff of leading| = 1.7272337110188889251 E-77
  Sha_an = L^(r)/r! * T^2/(Omega*Reg*cp) = 1.00000000000000000000000000000000000000000000000000000000000   (via ellbsd: 1.00000000000000000000000000000000000000000000000000000000000)
  time: 78 ms
== 997b1  N = 997  ainvs = [0, -1, 1, -5, -3]
  ellrank = [2, 2, 0, [[-1, 0], [-3/4, -3/8]]]  certified: yes
  saturated generators (B=1000): [[-1, 0], [-3/4, -3/8]]
  regulator = 0.571019259287366988341108843169484267450998138539991220078617
  torsion = 1  Tamagawa c_p = [1] (product 1)  root number = 1
  w1 = E.omega[1] = 1.57663134740176576638371018391360783569901969239341566878366  disc sign = 1  Omega_E = 3.15326269480353153276742036782721567139803938478683133756732
  ellbsd(E) = 3.15326269480353153276742036782721567139803938478683133756732  |ellbsd/(Omega*cp/T^2) - 1| = 0.E-76
  ellanalyticrank -> r_an = 2  L^(r)(E,1)/r! = 1.80057372832519933047804649614652419971290322176048248144910
  lfun Taylor coefficients L^(k)(1)/k!, k=0..r_an: [-1.80522340510486718386128941598480289309058571342251813142766 E-82, 1.87252692411444374796093424685454502383620903938715605178453 E-82, 1.80057372832519933047804649614652419971290322176048248144910]  |diff of leading| = 3.454467422037777850 E-77
  Sha_an = L^(r)/r! * T^2/(Omega*Reg*cp) = 1.00000000000000000000000000000000000000000000000000000000000   (via ellbsd: 1.00000000000000000000000000000000000000000000000000000000000)
  time: 82 ms
== 1001c1  N = 1001  ainvs = [0, 0, 1, -199, 1092]
  ellrank = [2, 2, 0, [[-63/4, 139/8], [-13, 38]]]  certified: yes
  saturated generators (B=1000): [[20, -72], [-13, 38]]
  regulator = 0.0360107457561596077387960425579930064264827619991484259154260
  torsion = 1  Tamagawa c_p = [2, 3, 2] (product 12)  root number = 1
  w1 = E.omega[1] = 2.28178753509286666908474489840365962336164758743995664980887  disc sign = -1  Omega_E = 2.28178753509286666908474489840365962336164758743995664980887
  ellbsd(E) = 27.3814504211144000290169387808439154803397710492794797977065  |ellbsd/(Omega*cp/T^2) - 1| = 0.E-76
  ellanalyticrank -> r_an = 2  L^(r)(E,1)/r! = 0.986026449549640085022078021717027961467768334029977464490987
  lfun Taylor coefficients L^(k)(1)/k!, k=0..r_an: [9.73961188007020087551724799764448124962055624504301769963737 E-81, -1.01222292052085303363191959870674301821938446009158676807846 E-80, 0.986026449549640085022078021717027961467768334029977464490987]  |diff of leading| = 0.E-77
  Sha_an = L^(r)/r! * T^2/(Omega*Reg*cp) = 1.00000000000000000000000000000000000000000000000000000000000   (via ellbsd: 1.00000000000000000000000000000000000000000000000000000000000)
  time: 98 ms
== 1058d1  N = 1058  ainvs = [1, -1, 0, -332311, -73733731]
  ellrank = [0, 0, 0, []]  certified: yes
  saturated generators (B=1000): []
  regulator = 1
  torsion = 1  Tamagawa c_p = [1, 1] (product 1)  root number = 1
  w1 = E.omega[1] = 0.0994144011140814295537298736532313255645441506594737057322062  disc sign = -1  Omega_E = 0.0994144011140814295537298736532313255645441506594737057322062
  ellbsd(E) = 0.0994144011140814295537298736532313255645441506594737057322062  |ellbsd/(Omega*cp/T^2) - 1| = 0.E-76
  ellanalyticrank -> r_an = 0  L^(r)(E,1)/r! = 2.48536002785203573884324684133078313911360376648684264330515
  lfun Taylor coefficients L^(k)(1)/k!, k=0..r_an: [2.48536002785203573884324684133078313911360376648684264330515]  |diff of leading| = 0.E-76
  Sha_an = L^(r)/r! * T^2/(Omega*Reg*cp) = 25.0000000000000000000000000000000000000000000000000000000000   (via ellbsd: 25.0000000000000000000000000000000000000000000000000000000000)
  time: 9 ms
== 5077a1  N = 5077  ainvs = [0, 0, 1, -7, 6]
  ellrank = [3, 3, 0, [[-3, 0], [-1, 3], [11, 35]]]  certified: yes
  saturated generators (B=1000): [[1, -1], [2, -1], [0, -3]]
  regulator = 0.417143558758383969817119544618093396749810106098498386724737
  torsion = 1  Tamagawa c_p = [1] (product 1)  root number = -1
  w1 = E.omega[1] = 2.07584399154346652494208784175364314988581412828488805259687  disc sign = 1  Omega_E = 4.15168798308693304988417568350728629977162825656977610519374
  ellbsd(E) = 4.15168798308693304988417568350728629977162825656977610519374  |ellbsd/(Omega*cp/T^2) - 1| = 0.E-76
  ellanalyticrank -> r_an = 3  L^(r)(E,1)/r! = 1.73184990011930068979197508506015284495439272927616821328741
  lfun Taylor coefficients L^(k)(1)/k!, k=0..r_an: [0.E-97, 4.67498628965336418877027433496831468426263853360859188143341 E-81, -8.65407831871913958410438631143078083951914478201095355211975 E-81, 1.73184990011930068979197508506015284495439272927616821328741]  |diff of leading| = 1.5545103399170000326 E-75
  Sha_an = L^(r)/r! * T^2/(Omega*Reg*cp) = 1.00000000000000000000000000000000000000000000000000000000000   (via ellbsd: 1.00000000000000000000000000000000000000000000000000000000000)
  time: 116 ms
LMFDB picks: 10 rank-2 curves with sha > 1
== 194040co6 (LMFDB 194040.cu1)  N = 194040  ainvs = [0, 0, 0, -456382227, -3752677112114]
  ellrank = [2, 2, 2, [[255990, 129052966], [618065/16, 385385049/64]]]  certified: yes
  saturated generators (B=100): [[255990, 129052966], [618065/16, 385385049/64]]
  regulator = 107.048949311988706332244991182799425204061856606328064888881
  torsion = 2  Tamagawa c_p = [1, 2, 1, 2, 1] (product 4)  root number = 1
  w1 = E.omega[1] = 0.0163319250499809072169671145050142095180259740416256938908959  disc sign = 1  Omega_E = 0.0326638500999618144339342290100284190360519480832513877817918
  ellbsd(E) = 0.0326638500999618144339342290100284190360519480832513877817918  |ellbsd/(Omega*cp/T^2) - 1| = 0.E-76
  ellanalyticrank -> r_an = 2  L^(r)(E,1)/r! = 13.9865233347408380472125874950488419042327509512638045791216
  lfun Taylor coefficients L^(k)(1)/k!, k=0..r_an: [-4.05631279132436630267013067721975278002987596392089897243788 E-81, 1.48980948607028787878627093199011878507919106183565571133925 E-80, 13.9865233347408380472125874950488419042327509512638045791216]  |diff of leading| = 6.908934844075555700 E-76
  Sha_an = L^(r)/r! * T^2/(Omega*Reg*cp) = 4.00000000000000000000000000000000000000000000000000000000000   (via ellbsd: 4.00000000000000000000000000000000000000000000000000000000000)
  time: 100 ms
== 194766c4 (LMFDB 194766.bg1)  N = 194766  ainvs = [1, 0, 0, -2077504, -1152726172]
  ellrank = [2, 2, 2, [[5488, 388078], [15424, 1899178]]]  certified: yes
  saturated generators (B=100): [[5488, 388078], [15424, 1899178]]
  regulator = 73.0293939449168141503624289412249788842200793266408957416446
  torsion = 2  Tamagawa c_p = [2, 1, 1, 1, 1] (product 2)  root number = 1
  w1 = E.omega[1] = 0.0628758820771948217872164737769290138922212008622007588858213  disc sign = 1  Omega_E = 0.125751764154389643574432947553858027784442401724401517771643
  ellbsd(E) = 0.0628758820771948217872164737769290138922212008622007588858213  |ellbsd/(Omega*cp/T^2) - 1| = 0.E-76
  ellanalyticrank -> r_an = 2  L^(r)(E,1)/r! = 18.3671502473983806285615906038118689265414738680433662130711
  lfun Taylor coefficients L^(k)(1)/k!, k=0..r_an: [8.17567750907861428571075157273564721280453423699373244345773 E-81, -3.00430340066385506742085881632896607126835082617401787800431 E-80, 18.3671502473983806285615906038118689265414738680433662130711]  |diff of leading| = 8.290721812890666840 E-76
  Sha_an = L^(r)/r! * T^2/(Omega*Reg*cp) = 4.00000000000000000000000000000000000000000000000000000000000   (via ellbsd: 4.00000000000000000000000000000000000000000000000000000000000)
  time: 68 ms
== 226005g3 (LMFDB 226005.b5)  N = 226005  ainvs = [1, 1, 1, -268695, 67104702]
  ellrank = [2, 2, 2, [[-234, 10944], [4890, 337721]]]  certified: yes
  saturated generators (B=100): [[-234, 10944], [4890, 337721]]
  regulator = 14.1361356544728500397296993069486108336544087304278956539223
  torsion = 4  Tamagawa c_p = [1, 1, 1, 1, 8] (product 8)  root number = 1
  w1 = E.omega[1] = 0.269785289731178864653965711545053263733214530310214386286399  disc sign = -1  Omega_E = 0.269785289731178864653965711545053263733214530310214386286399
  ellbsd(E) = 0.134892644865589432326982855772526631866607265155107193143200  |ellbsd/(Omega*cp/T^2) - 1| = 0.E-76
  ellanalyticrank -> r_an = 2  L^(r)(E,1)/r! = 7.62744290644241121810808286414976333939271347927426004493997
  lfun Taylor coefficients L^(k)(1)/k!, k=0..r_an: [-6.56540275625795474353140481932542694657002475064536652833790 E-81, 2.46141116369661849157168259887672234785226890368871770647917 E-80, 7.62744290644241121810808286414976333939271347927426004493997]  |diff of leading| = 0.E-76
  Sha_an = L^(r)/r! * T^2/(Omega*Reg*cp) = 4.00000000000000000000000000000000000000000000000000000000000   (via ellbsd: 4.00000000000000000000000000000000000000000000000000000000000)
  time: 85 ms
== 226920a6 (LMFDB 226920.h1)  N = 226920  ainvs = [0, 1, 0, -73824640, -244170894880]
  ellrank = [2, 2, 2, [[58543, 14002884], [44792869/196, 299572999935/2744]]]  certified: yes
  saturated generators (B=100): [[58543, 14002884], [44792869/196, 299572999935/2744]]
  regulator = 164.714317938448762879230650596807473211989324140491626538852
  torsion = 2  Tamagawa c_p = [1, 1, 1, 1, 2] (product 2)  root number = 1
  w1 = E.omega[1] = 0.0257524898139515366576769141901654566735885218613006769110052  disc sign = 1  Omega_E = 0.0515049796279030733153538283803309133471770437226013538220104
  ellbsd(E) = 0.0257524898139515366576769141901654566735885218613006769110052  |ellbsd/(Omega*cp/T^2) - 1| = 0.E-76
  ellanalyticrank -> r_an = 2  L^(r)(E,1)/r! = 16.9672151796875065545300960220139849981369644362416026413097
  lfun Taylor coefficients L^(k)(1)/k!, k=0..r_an: [-3.68173352831687910584904518501865864297233991891790766286455 E-81, 1.38104905315950656859069469658868597034878005248060601079870 E-80, 16.9672151796875065545300960220139849981369644362416026413097]  |diff of leading| = 2.763573937630222280 E-76
  Sha_an = L^(r)/r! * T^2/(Omega*Reg*cp) = 4.00000000000000000000000000000000000000000000000000000000000   (via ellbsd: 4.00000000000000000000000000000000000000000000000000000000000)
  time: 55 ms
== 245310bs8 (LMFDB 245310.bs1)  N = 245310  ainvs = [1, 1, 1, -2143488860, -38197932575245]
  ellrank = [2, 2, 2, [[-47133749/1764, 1261306465/74088], [-962705/36, 3644609/216]]]  certified: yes
  saturated generators (B=100): [[-962705/36, 3644609/216], [-47133749/1764, 718236905/74088]]
  regulator = 107.591894709488756285957805450141903733764868102132774614958
  torsion = 2  Tamagawa c_p = [1, 2, 1, 1, 4, 1] (product 8)  root number = 1
  w1 = E.omega[1] = 0.0110940282932669121486225313279964732983758573136464063962730  disc sign = 1  Omega_E = 0.0221880565865338242972450626559929465967517146272928127925461
  ellbsd(E) = 0.0443761131730676485944901253119858931935034292545856255850921  |ellbsd/(Omega*cp/T^2) - 1| = 0.E-76
  ellanalyticrank -> r_an = 2  L^(r)(E,1)/r! = 19.0980403845322057854892207565656343379085181766971094706743
  lfun Taylor coefficients L^(k)(1)/k!, k=0..r_an: [-6.52725007536804173386216869552947226002105971320478889665657 E-81, 2.47385797793209693964427355132160147047951301564818589760145 E-80, 19.0980403845322057854892207565656343379085181766971094706743]  |diff of leading| = 2.763573937630222280 E-76
  Sha_an = L^(r)/r! * T^2/(Omega*Reg*cp) = 4.00000000000000000000000000000000000000000000000000000000000   (via ellbsd: 4.00000000000000000000000000000000000000000000000000000000000)
  time: 73 ms
== 256410m4 (LMFDB 256410.m1)  N = 256410  ainvs = [1, -1, 0, -3359385, -2369097365]
  ellrank = [2, 2, 2, [[-1057, 578], [90447, 27150434]]]  certified: yes
  saturated generators (B=100): [[-1057, 578], [90447, 27150434]]
  regulator = 21.9218300399859594129507882724440863424108362654623148985947
  torsion = 2  Tamagawa c_p = [1, 2, 1, 1, 2, 1] (product 4)  root number = 1
  w1 = E.omega[1] = 0.0557576775758289958431782271225859702511146609047973920585006  disc sign = 1  Omega_E = 0.111515355151657991686356454245171940502229321809594784117001
  ellbsd(E) = 0.111515355151657991686356454245171940502229321809594784117001  |ellbsd/(Omega*cp/T^2) - 1| = 0.E-76
  ellanalyticrank -> r_an = 2  L^(r)(E,1)/r! = 9.77848264993327670761883424526861544045629019012694085756676
  lfun Taylor coefficients L^(k)(1)/k!, k=0..r_an: [-8.51423217508267214759791343913586308558731897262903491824647 E-81, 3.24577325789331822521328238108627724148303018318575902016814 E-80, 9.77848264993327670761883424526861544045629019012694085756676]  |diff of leading| = 1.3817869688151111401 E-76
  Sha_an = L^(r)/r! * T^2/(Omega*Reg*cp) = 4.00000000000000000000000000000000000000000000000000000000000   (via ellbsd: 4.00000000000000000000000000000000000000000000000000000000000)
  time: 86 ms
== 256410q5 (LMFDB 256410.q1)  N = 256410  ainvs = [1, -1, 0, -455384160, 3740487540790]
  ellrank = [2, 2, 2, [[12333, -3811], [12377, 4634]]]  certified: yes
  saturated generators (B=100): [[12377, 4634], [12333, -8522]]
  regulator = 9.92600057220031817819045798610344934983905027590911786573964
  torsion = 2  Tamagawa c_p = [1, 2, 1, 1, 1, 2] (product 4)  root number = 1
  w1 = E.omega[1] = 0.126828311749728417548642749961385695795724930324859002655036  disc sign = 1  Omega_E = 0.253656623499456835097285499922771391591449860649718005310072
  ellbsd(E) = 0.253656623499456835097285499922771391591449860649718005310072  |ellbsd/(Omega*cp/T^2) - 1| = 0.E-76
  ellanalyticrank -> r_an = 2  L^(r)(E,1)/r! = 10.0711831599920368782812786190023076261690667790105927530032
  lfun Taylor coefficients L^(k)(1)/k!, k=0..r_an: [4.23735377436837957639870614458094580018043842144318865108191 E-81, -1.61535289175323189445546875098224434428589050224184996037212 E-80, 10.0711831599920368782812786190023076261690667790105927530032]  |diff of leading| = 2.763573937630222280 E-76
  Sha_an = L^(r)/r! * T^2/(Omega*Reg*cp) = 4.00000000000000000000000000000000000000000000000000000000000   (via ellbsd: 4.00000000000000000000000000000000000000000000000000000000000)
  time: 101 ms
== 297330bm4 (LMFDB 297330.bm1)  N = 297330  ainvs = [1, 0, 0, -13993740, -20149947900]
  ellrank = [2, 2, 2, [[-2160, 1110], [-34555/16, 71015/64]]]  certified: yes
  saturated generators (B=100): [[-2160, 1110], [-34555/16, 71015/64]]
  regulator = 13.2706693171607999825023342059631332634703094488533326809582
  torsion = 2  Tamagawa c_p = [2, 2, 3, 1, 2, 1] (product 24)  root number = 1
  w1 = E.omega[1] = 0.0390288819447583137524667174324341379810251813619183886140008  disc sign = 1  Omega_E = 0.0780577638895166275049334348648682759620503627238367772280016
  ellbsd(E) = 0.468346583337099765029600609189209655772302176343020663368010  |ellbsd/(Omega*cp/T^2) - 1| = 0.E-76
  ellanalyticrank -> r_an = 2  L^(r)(E,1)/r! = 24.8610905331549737678074562093476210579155909996229706312957
  lfun Taylor coefficients L^(k)(1)/k!, k=0..r_an: [-3.51704632189401589216438660518789165954596933506564471203020 E-81, 1.36679673087856034593715531759416829372236784985462272457373 E-80, 24.8610905331549737678074562093476210579155909996229706312957]  |diff of leading| = 1.6581443625781333681 E-75
  Sha_an = L^(r)/r! * T^2/(Omega*Reg*cp) = 4.00000000000000000000000000000000000000000000000000000000000   (via ellbsd: 4.00000000000000000000000000000000000000000000000000000000000)
  time: 82 ms
== 305256n4 (LMFDB 305256.n1)  N = 305256  ainvs = [0, 1, 0, -1628032, -800087200]
  ellrank = [2, 2, 2, [[13663, 1589880], [11154253/1156, 36911019915/39304]]]  certified: yes
  saturated generators (B=100): [[13663, 1589880], [11154253/1156, 36911019915/39304]]
  regulator = 141.539209103382958211526525438218458458647918352685251658561
  torsion = 2  Tamagawa c_p = [1, 1, 1, 1, 1] (product 1)  root number = 1
  w1 = E.omega[1] = 0.0668272827215282107932007952729710321449344123811762684355166  disc sign = 1  Omega_E = 0.133654565443056421586401590545942064289868824762352536871033
  ellbsd(E) = 0.0334136413607641053966003976364855160724672061905881342177583  |ellbsd/(Omega*cp/T^2) - 1| = 0.E-76
  ellanalyticrank -> r_an = 2  L^(r)(E,1)/r! = 18.9173614858665448076890455438364748174826814695731654378710
  lfun Taylor coefficients L^(k)(1)/k!, k=0..r_an: [-9.92774143590654446750407254518916666831472660679331490858705 E-82, 3.87118407502628611305627469094474247245931082389086954217090 E-81, 18.9173614858665448076890455438364748174826814695731654378710]  |diff of leading| = 8.290721812890666840 E-76
  Sha_an = L^(r)/r! * T^2/(Omega*Reg*cp) = 4.00000000000000000000000000000000000000000000000000000000000   (via ellbsd: 4.00000000000000000000000000000000000000000000000000000000000)
  time: 60 ms
== 312018bm4 (LMFDB 312018.bm3)  N = 312018  ainvs = [1, 1, 1, -3745349, 9047227241]
  ellrank = [2, 2, 2, [[-8185/4, 730331/8], [19591/4, 2612155/8]]]  certified: yes
  saturated generators (B=100): [[-8185/4, 730331/8], [19591/4, 2612155/8]]
  regulator = 84.1380314925499862368808536629835569954006932696112649904953
  torsion = 2  Tamagawa c_p = [1, 1, 2, 1, 1, 1] (product 2)  root number = 1
  w1 = E.omega[1] = 0.101203817180870519002112870309338736301062982026523669877129  disc sign = -1  Omega_E = 0.101203817180870519002112870309338736301062982026523669877129
  ellbsd(E) = 0.0506019085904352595010564351546693681505314910132618349385646  |ellbsd/(Omega*cp/T^2) - 1| = 0.E-76
  ellanalyticrank -> r_an = 2  L^(r)(E,1)/r! = 17.0301799142607101886868839152933618910865198343135221252047
  lfun Taylor coefficients L^(k)(1)/k!, k=0..r_an: [-8.80233657037156973069291855143698435927778874737816832754861 E-81, 3.44199117841632834467634360245385050564667896958674625597883 E-80, 17.0301799142607101886868839152933618910865198343135221252047]  |diff of leading| = 1.1054295750520889120 E-75
  Sha_an = L^(r)/r! * T^2/(Omega*Reg*cp) = 4.00000000000000000000000000000000000000000000000000000000000   (via ellbsd: 4.00000000000000000000000000000000000000000000000000000000000)
  time: 87 ms
wrote compute/data/bsd_table.tsv, compute/data/bsd_table.md, compute/data/bsd_table.log
BSD-TABLE-EXIT=0
